<!doctype html public "-//w3c//dtd html 4.0 transitional//en">
<html><head>
<title>Static Call Graph - [.\Objects\FP1.axf]</title></head>
<body><HR>
<H1>Static Call Graph for image .\Objects\FP1.axf</H1><HR>
<BR><P>#&#060CALLGRAPH&#062# ARM Linker, 5060300: Last Updated: Mon Nov 30 19:27:15 2020
<BR><P>
<H3>Maximum Stack Usage =          0 bytes + Unknown(Cycles, Untraceable Function Pointers)</H3><H3>
Call chain for Maximum Stack Depth:</H3>

<P>
<H3>
Mutually Recursive functions
</H3> <LI><a href="#[6]">oneSecondDelay</a>&nbsp;&nbsp;&nbsp;&rArr;&nbsp;&nbsp;&nbsp;<a href="#[6]">oneSecondDelay</a><BR>
 <LI><a href="#[b]">PreLimWait</a>&nbsp;&nbsp;&nbsp;&rArr;&nbsp;&nbsp;&nbsp;<a href="#[b]">PreLimWait</a><BR>
 <LI><a href="#[11]">FailState</a>&nbsp;&nbsp;&nbsp;&rArr;&nbsp;&nbsp;&nbsp;<a href="#[4]">IDLE</a><BR>
 <LI><a href="#[7]">GameWait</a>&nbsp;&nbsp;&nbsp;&rArr;&nbsp;&nbsp;&nbsp;<a href="#[7]">GameWait</a><BR>
 <LI><a href="#[a]">WinState</a>&nbsp;&nbsp;&nbsp;&rArr;&nbsp;&nbsp;&nbsp;<a href="#[4]">IDLE</a><BR>
 <LI><a href="#[8]">GameStart</a>&nbsp;&nbsp;&nbsp;&rArr;&nbsp;&nbsp;&nbsp;<a href="#[4]">IDLE</a><BR>
</UL>
<P>
<H3>
Function Pointers
</H3><UL>
 <LI><a href="#[1]">Reset_Handler</a> from fp1.o(MYCODE) referenced from fp1.o(RESET)
</UL>
<P>
<H3>
Global Symbols
</H3>
<P><STRONG><a name="[1]"></a>Reset_Handler</STRONG> (Thumb, 12 bytes, Stack size 0 bytes, fp1.o(MYCODE))
<BR><BR>[Calls]<UL><LI><a href="#[4]">&gt;&gt;</a>&nbsp;&nbsp;&nbsp;IDLE
<LI><a href="#[3]">&gt;&gt;</a>&nbsp;&nbsp;&nbsp;GPIO_init
<LI><a href="#[2]">&gt;&gt;</a>&nbsp;&nbsp;&nbsp;GPIO_ClockInit
</UL>
<P>
<H3>
Local Symbols
</H3>
<P><STRONG><a name="[2]"></a>GPIO_ClockInit</STRONG> (Thumb, 16 bytes, Stack size 0 bytes, fp1.o(MYCODE))
<BR><BR>[Called By]<UL><LI><a href="#[1]">&gt;&gt;</a>&nbsp;&nbsp;&nbsp;Reset_Handler
</UL>

<P><STRONG><a name="[3]"></a>GPIO_init</STRONG> (Thumb, 16 bytes, Stack size 0 bytes, fp1.o(MYCODE))
<BR><BR>[Called By]<UL><LI><a href="#[1]">&gt;&gt;</a>&nbsp;&nbsp;&nbsp;Reset_Handler
</UL>

<P><STRONG><a name="[4]"></a>IDLE</STRONG> (Thumb, 40 bytes, Stack size 0 bytes, fp1.o(MYCODE))
<BR><BR>[Calls]<UL><LI><a href="#[6]">&gt;&gt;</a>&nbsp;&nbsp;&nbsp;oneSecondDelay
<LI><a href="#[5]">&gt;&gt;</a>&nbsp;&nbsp;&nbsp;CheckforUser
</UL>
<BR>[Called By]<UL><LI><a href="#[1]">&gt;&gt;</a>&nbsp;&nbsp;&nbsp;Reset_Handler
<LI><a href="#[11]">&gt;&gt;</a>&nbsp;&nbsp;&nbsp;FailState
<LI><a href="#[a]">&gt;&gt;</a>&nbsp;&nbsp;&nbsp;WinState
<LI><a href="#[8]">&gt;&gt;</a>&nbsp;&nbsp;&nbsp;GameStart
</UL>

<P><STRONG><a name="[5]"></a>CheckforUser</STRONG> (Thumb, 48 bytes, Stack size 0 bytes, fp1.o(MYCODE))
<BR><BR>[Calls]<UL><LI><a href="#[8]">&gt;&gt;</a>&nbsp;&nbsp;&nbsp;GameStart
</UL>
<BR>[Called By]<UL><LI><a href="#[4]">&gt;&gt;</a>&nbsp;&nbsp;&nbsp;IDLE
</UL>

<P><STRONG><a name="[6]"></a>oneSecondDelay</STRONG> (Thumb, 12 bytes, Stack size 0 bytes, fp1.o(MYCODE))
<BR><BR>[Calls]<UL><LI><a href="#[6]">&gt;&gt;</a>&nbsp;&nbsp;&nbsp;oneSecondDelay
</UL>
<BR>[Called By]<UL><LI><a href="#[a]">&gt;&gt;</a>&nbsp;&nbsp;&nbsp;WinState
<LI><a href="#[8]">&gt;&gt;</a>&nbsp;&nbsp;&nbsp;GameStart
<LI><a href="#[6]">&gt;&gt;</a>&nbsp;&nbsp;&nbsp;oneSecondDelay
<LI><a href="#[4]">&gt;&gt;</a>&nbsp;&nbsp;&nbsp;IDLE
</UL>

<P><STRONG><a name="[7]"></a>GameWait</STRONG> (Thumb, 10 bytes, Stack size 0 bytes, fp1.o(MYCODE))
<BR><BR>[Calls]<UL><LI><a href="#[7]">&gt;&gt;</a>&nbsp;&nbsp;&nbsp;GameWait
</UL>
<BR>[Called By]<UL><LI><a href="#[f]">&gt;&gt;</a>&nbsp;&nbsp;&nbsp;LED4
<LI><a href="#[e]">&gt;&gt;</a>&nbsp;&nbsp;&nbsp;LED3
<LI><a href="#[d]">&gt;&gt;</a>&nbsp;&nbsp;&nbsp;LED2
<LI><a href="#[c]">&gt;&gt;</a>&nbsp;&nbsp;&nbsp;LED1
<LI><a href="#[7]">&gt;&gt;</a>&nbsp;&nbsp;&nbsp;GameWait
</UL>

<P><STRONG><a name="[8]"></a>GameStart</STRONG> (Thumb, 64 bytes, Stack size 0 bytes, fp1.o(MYCODE))
<BR><BR>[Calls]<UL><LI><a href="#[f]">&gt;&gt;</a>&nbsp;&nbsp;&nbsp;LED4
<LI><a href="#[e]">&gt;&gt;</a>&nbsp;&nbsp;&nbsp;LED3
<LI><a href="#[d]">&gt;&gt;</a>&nbsp;&nbsp;&nbsp;LED2
<LI><a href="#[c]">&gt;&gt;</a>&nbsp;&nbsp;&nbsp;LED1
<LI><a href="#[9]">&gt;&gt;</a>&nbsp;&nbsp;&nbsp;Rand
<LI><a href="#[6]">&gt;&gt;</a>&nbsp;&nbsp;&nbsp;oneSecondDelay
<LI><a href="#[4]">&gt;&gt;</a>&nbsp;&nbsp;&nbsp;IDLE
</UL>
<BR>[Called By]<UL><LI><a href="#[5]">&gt;&gt;</a>&nbsp;&nbsp;&nbsp;CheckforUser
</UL>

<P><STRONG><a name="[9]"></a>Rand</STRONG> (Thumb, 20 bytes, Stack size 0 bytes, fp1.o(MYCODE))
<BR><BR>[Called By]<UL><LI><a href="#[8]">&gt;&gt;</a>&nbsp;&nbsp;&nbsp;GameStart
</UL>

<P><STRONG><a name="[a]"></a>WinState</STRONG> (Thumb, 48 bytes, Stack size 0 bytes, fp1.o(MYCODE))
<BR><BR>[Calls]<UL><LI><a href="#[6]">&gt;&gt;</a>&nbsp;&nbsp;&nbsp;oneSecondDelay
<LI><a href="#[4]">&gt;&gt;</a>&nbsp;&nbsp;&nbsp;IDLE
</UL>
<BR>[Called By]<UL><LI><a href="#[10]">&gt;&gt;</a>&nbsp;&nbsp;&nbsp;TurnOff1
</UL>

<P><STRONG><a name="[b]"></a>PreLimWait</STRONG> (Thumb, 12 bytes, Stack size 0 bytes, fp1.o(MYCODE))
<BR><BR>[Calls]<UL><LI><a href="#[b]">&gt;&gt;</a>&nbsp;&nbsp;&nbsp;PreLimWait
</UL>
<BR>[Called By]<UL><LI><a href="#[11]">&gt;&gt;</a>&nbsp;&nbsp;&nbsp;FailState
<LI><a href="#[10]">&gt;&gt;</a>&nbsp;&nbsp;&nbsp;TurnOff1
<LI><a href="#[b]">&gt;&gt;</a>&nbsp;&nbsp;&nbsp;PreLimWait
</UL>

<P><STRONG><a name="[c]"></a>LED1</STRONG> (Thumb, 36 bytes, Stack size 0 bytes, fp1.o(MYCODE))
<BR><BR>[Calls]<UL><LI><a href="#[11]">&gt;&gt;</a>&nbsp;&nbsp;&nbsp;FailState
<LI><a href="#[10]">&gt;&gt;</a>&nbsp;&nbsp;&nbsp;TurnOff1
<LI><a href="#[7]">&gt;&gt;</a>&nbsp;&nbsp;&nbsp;GameWait
</UL>
<BR>[Called By]<UL><LI><a href="#[8]">&gt;&gt;</a>&nbsp;&nbsp;&nbsp;GameStart
</UL>

<P><STRONG><a name="[d]"></a>LED2</STRONG> (Thumb, 32 bytes, Stack size 0 bytes, fp1.o(MYCODE))
<BR><BR>[Calls]<UL><LI><a href="#[11]">&gt;&gt;</a>&nbsp;&nbsp;&nbsp;FailState
<LI><a href="#[10]">&gt;&gt;</a>&nbsp;&nbsp;&nbsp;TurnOff1
<LI><a href="#[7]">&gt;&gt;</a>&nbsp;&nbsp;&nbsp;GameWait
</UL>
<BR>[Called By]<UL><LI><a href="#[8]">&gt;&gt;</a>&nbsp;&nbsp;&nbsp;GameStart
</UL>

<P><STRONG><a name="[e]"></a>LED3</STRONG> (Thumb, 32 bytes, Stack size 0 bytes, fp1.o(MYCODE))
<BR><BR>[Calls]<UL><LI><a href="#[11]">&gt;&gt;</a>&nbsp;&nbsp;&nbsp;FailState
<LI><a href="#[10]">&gt;&gt;</a>&nbsp;&nbsp;&nbsp;TurnOff1
<LI><a href="#[7]">&gt;&gt;</a>&nbsp;&nbsp;&nbsp;GameWait
</UL>
<BR>[Called By]<UL><LI><a href="#[8]">&gt;&gt;</a>&nbsp;&nbsp;&nbsp;GameStart
</UL>

<P><STRONG><a name="[f]"></a>LED4</STRONG> (Thumb, 32 bytes, Stack size 0 bytes, fp1.o(MYCODE))
<BR><BR>[Calls]<UL><LI><a href="#[11]">&gt;&gt;</a>&nbsp;&nbsp;&nbsp;FailState
<LI><a href="#[7]">&gt;&gt;</a>&nbsp;&nbsp;&nbsp;GameWait
</UL>
<BR>[Called By]<UL><LI><a href="#[8]">&gt;&gt;</a>&nbsp;&nbsp;&nbsp;GameStart
</UL>

<P><STRONG><a name="[10]"></a>TurnOff1</STRONG> (Thumb, 24 bytes, Stack size 0 bytes, fp1.o(MYCODE))
<BR><BR>[Calls]<UL><LI><a href="#[b]">&gt;&gt;</a>&nbsp;&nbsp;&nbsp;PreLimWait
<LI><a href="#[a]">&gt;&gt;</a>&nbsp;&nbsp;&nbsp;WinState
</UL>
<BR>[Called By]<UL><LI><a href="#[e]">&gt;&gt;</a>&nbsp;&nbsp;&nbsp;LED3
<LI><a href="#[d]">&gt;&gt;</a>&nbsp;&nbsp;&nbsp;LED2
<LI><a href="#[c]">&gt;&gt;</a>&nbsp;&nbsp;&nbsp;LED1
</UL>

<P><STRONG><a name="[11]"></a>FailState</STRONG> (Thumb, 12 bytes, Stack size 0 bytes, fp1.o(MYCODE))
<BR><BR>[Calls]<UL><LI><a href="#[b]">&gt;&gt;</a>&nbsp;&nbsp;&nbsp;PreLimWait
<LI><a href="#[4]">&gt;&gt;</a>&nbsp;&nbsp;&nbsp;IDLE
</UL>
<BR>[Called By]<UL><LI><a href="#[f]">&gt;&gt;</a>&nbsp;&nbsp;&nbsp;LED4
<LI><a href="#[e]">&gt;&gt;</a>&nbsp;&nbsp;&nbsp;LED3
<LI><a href="#[d]">&gt;&gt;</a>&nbsp;&nbsp;&nbsp;LED2
<LI><a href="#[c]">&gt;&gt;</a>&nbsp;&nbsp;&nbsp;LED1
</UL>
<P>
<H3>
Undefined Global Symbols
</H3><HR></body></html>
