<!doctype html public "-//w3c//dtd html 4.0 transitional//en">
<html><head>
<title>Static Call Graph - [.\Objects\FP1.axf]</title></head>
<body><HR>
<H1>Static Call Graph for image .\Objects\FP1.axf</H1><HR>
<BR><P>#&#060CALLGRAPH&#062# ARM Linker, 5060300: Last Updated: Mon Nov 30 17:18:19 2020
<BR><P>
<H3>Maximum Stack Usage =          0 bytes + Unknown(Cycles, Untraceable Function Pointers)</H3><H3>
Call chain for Maximum Stack Depth:</H3>

<P>
<H3>
Mutually Recursive functions
</H3> <LI><a href="#[5]">oneSecondDelay</a>&nbsp;&nbsp;&nbsp;&rArr;&nbsp;&nbsp;&nbsp;<a href="#[5]">oneSecondDelay</a><BR>
</UL>
<P>
<H3>
Function Pointers
</H3><UL>
 <LI><a href="#[1]">Reset_Handler</a> from fp1.o(MYCODE) referenced from fp1.o(RESET)
</UL>
<P>
<H3>
Global Symbols
</H3>
<P><STRONG><a name="[1]"></a>Reset_Handler</STRONG> (Thumb, 12 bytes, Stack size 0 bytes, fp1.o(MYCODE))
<BR><BR>[Calls]<UL><LI><a href="#[4]">&gt;&gt;</a>&nbsp;&nbsp;&nbsp;IDLE
<LI><a href="#[3]">&gt;&gt;</a>&nbsp;&nbsp;&nbsp;GPIO_init
<LI><a href="#[2]">&gt;&gt;</a>&nbsp;&nbsp;&nbsp;GPIO_ClockInit
</UL>
<P>
<H3>
Local Symbols
</H3>
<P><STRONG><a name="[2]"></a>GPIO_ClockInit</STRONG> (Thumb, 16 bytes, Stack size 0 bytes, fp1.o(MYCODE))
<BR><BR>[Called By]<UL><LI><a href="#[1]">&gt;&gt;</a>&nbsp;&nbsp;&nbsp;Reset_Handler
</UL>

<P><STRONG><a name="[3]"></a>GPIO_init</STRONG> (Thumb, 16 bytes, Stack size 0 bytes, fp1.o(MYCODE))
<BR><BR>[Called By]<UL><LI><a href="#[1]">&gt;&gt;</a>&nbsp;&nbsp;&nbsp;Reset_Handler
</UL>

<P><STRONG><a name="[4]"></a>IDLE</STRONG> (Thumb, 84 bytes, Stack size 0 bytes, fp1.o(MYCODE))
<BR><BR>[Calls]<UL><LI><a href="#[6]">&gt;&gt;</a>&nbsp;&nbsp;&nbsp;TurnOnLight
<LI><a href="#[5]">&gt;&gt;</a>&nbsp;&nbsp;&nbsp;oneSecondDelay
</UL>
<BR>[Called By]<UL><LI><a href="#[1]">&gt;&gt;</a>&nbsp;&nbsp;&nbsp;Reset_Handler
</UL>

<P><STRONG><a name="[5]"></a>oneSecondDelay</STRONG> (Thumb, 12 bytes, Stack size 0 bytes, fp1.o(MYCODE))
<BR><BR>[Calls]<UL><LI><a href="#[5]">&gt;&gt;</a>&nbsp;&nbsp;&nbsp;oneSecondDelay
</UL>
<BR>[Called By]<UL><LI><a href="#[6]">&gt;&gt;</a>&nbsp;&nbsp;&nbsp;TurnOnLight
<LI><a href="#[5]">&gt;&gt;</a>&nbsp;&nbsp;&nbsp;oneSecondDelay
<LI><a href="#[4]">&gt;&gt;</a>&nbsp;&nbsp;&nbsp;IDLE
</UL>

<P><STRONG><a name="[6]"></a>TurnOnLight</STRONG> (Thumb, 22 bytes, Stack size 0 bytes, fp1.o(MYCODE))
<BR><BR>[Calls]<UL><LI><a href="#[5]">&gt;&gt;</a>&nbsp;&nbsp;&nbsp;oneSecondDelay
</UL>
<BR>[Called By]<UL><LI><a href="#[4]">&gt;&gt;</a>&nbsp;&nbsp;&nbsp;IDLE
</UL>
<P>
<H3>
Undefined Global Symbols
</H3><HR></body></html>
